// Jest Snapshot v1, https://goo.gl/fbAQLP

exports[`AssetInfo should render component 1`] = `null`;
